# playground Android smoke run on the real platform adapters, 2026-10-01 12:08:31

$ adb shell getprop (device)
sdk_gphone64_arm64
arm64-v8a
35

$ (cd examples/playground/android && ./gradlew :app:assembleDebug)
14793992 bytes  /Users/shrey/Desktop/src/.work/android-adapters/examples/playground/android/app/build/outputs/apk/debug/app-debug.apk

$ adb_ shell cmd connectivity airplane-mode disable

$ adb_ install -r /Users/shrey/Desktop/src/.work/android-adapters/examples/playground/android/app/build/outputs/apk/debug/app-debug.apk
Performing Streamed Install
Success

$ permissions the app holds (INTERNET and ACCESS_NETWORK_STATE come from the manifest and from android-adapters)
      android.permission.ACCESS_NETWORK_STATE
      android.permission.ACCESS_NETWORK_STATE: granted=true
      android.permission.INTERNET
      android.permission.INTERNET: granted=true

$ adb_ shell am start -W -n dev.undra.playground/.MainActivity --es tab todos
Starting: Intent { cmp=dev.undra.playground/.MainActivity (has extras) }
Status: ok
LaunchState: COLD
Activity: dev.undra.playground/.MainActivity
TotalTime: 4040
WaitTime: 4086
Complete
screenshot .proof/android-adapters-tab-todos.png
alive: todos

$ adb_ shell am start -W -n dev.undra.playground/.MainActivity --es tab counter
Starting: Intent { cmp=dev.undra.playground/.MainActivity (has extras) }
Status: ok
LaunchState: COLD
Activity: dev.undra.playground/.MainActivity
TotalTime: 1431
WaitTime: 1435
Complete
screenshot .proof/android-adapters-tab-counter.png
alive: counter

$ adb_ shell am start -W -n dev.undra.playground/.MainActivity --es tab biglist
Starting: Intent { cmp=dev.undra.playground/.MainActivity (has extras) }
Status: ok
LaunchState: COLD
Activity: dev.undra.playground/.MainActivity
TotalTime: 1550
WaitTime: 1559
Complete
screenshot .proof/android-adapters-tab-biglist.png
alive: biglist

$ adb_ shell am start -W -n dev.undra.playground/.MainActivity --es tab remote
Starting: Intent { cmp=dev.undra.playground/.MainActivity (has extras) }
Status: ok
LaunchState: COLD
Activity: dev.undra.playground/.MainActivity
TotalTime: 1371
WaitTime: 1376
Complete
screenshot .proof/android-adapters-tab-remote.png
alive: remote

$ the adapters the app installed (logcat, tag Undra)
I/Undra   ( 4857): AndroidPlatformDefaults: registered Kv, SecureStore, Fs, Http, Clock, Rng, Log and Timer; reporting Connectivity and Lifecycle

## Remote: persisted query, offline toggle, queue, kill, real airplane mode, replay

$ adb_ shell am start -W -n dev.undra.playground/.MainActivity --es tab remote
Starting: Intent { cmp=dev.undra.playground/.MainActivity (has extras) }
Status: ok
LaunchState: COLD
Activity: dev.undra.playground/.MainActivity
TotalTime: 1204
WaitTime: 1205
Complete
ok: the inbox list is fetched (3 rows, status Success)
remote-updated: Updated 12:09:09
screenshot .proof/android-adapters-remote-fetched.png
files in the Kv directory (run-as dev.undra.playground ls files/undra/kv): 1

$ 1. the Offline switch simulates losing the network; add an item

$ tap remote-offline (142 605)

$ tap remote-input (433 1047)

$ type 'Queued while offline'

$ tap remote-add (942 1048)
ok: the item shows as queued
screenshot .proof/android-adapters-remote-queued.png
files in the Kv directory after queueing: 2  (the cache entry and the offline queue)
Idempotency-Key of the dropped request: 3e44f0ec-2e81-4739-a761-2907d52f3058
I/UndraDemoServer( 4961): POST /lists/inbox/todos dropped: the network is down (Idempotency-Key 3e44f0ec-2e81-4739-a761-2907d52f3058)

$ 2. kill the app with the queue unsent

$ adb_ shell am force-stop dev.undra.playground
process gone

$ 3. real airplane mode on, relaunch: the persisted query answers from Kv, the persisted queue is held

$ adb_ shell cmd connectivity airplane-mode enable
ok: the device has no network

$ adb_ shell am start -W -n dev.undra.playground/.MainActivity --es tab remote
Starting: Intent { cmp=dev.undra.playground/.MainActivity (has extras) }
Status: ok
LaunchState: COLD
Activity: dev.undra.playground/.MainActivity
TotalTime: 2564
WaitTime: 2610
Complete
ok: the cached list is shown from Kv while offline (3 rows, the time of the fetch before the kill)
remote-updated: Updated 12:09:09   (before the kill: Updated 12:09:09)
POST requests sent while the Connectivity adapter says offline: 0  (the core holds the queue instead of retrying)

$ tap remote-refresh (878 459)
ok: Refresh fails with the Http adapter's network error
remote-error:   Last fetch failed: network: network error: Connection reset
screenshot .proof/android-adapters-remote-restarted-offline.png
I/UndraDemoServer( 5294): GET /lists/inbox/todos dropped: the network is down
I/UndraDemoServer( 5294): GET /lists/inbox/todos dropped: the network is down

$ 4. airplane mode off: the Connectivity adapter reports online and the core replays the queue

$ adb_ shell cmd connectivity airplane-mode disable
ok: the item is on the server and in the list (4 rows)
screenshot .proof/android-adapters-remote-replayed.png
I/UndraDemoServer( 5294): GET /lists/inbox/todos dropped: the network is down
I/UndraDemoServer( 5294): GET /lists/inbox/todos dropped: the network is down
I/UndraDemoServer( 5294): POST /lists/inbox/todos -> 201 (Idempotency-Key 3e44f0ec-2e81-4739-a761-2907d52f3058)
I/UndraDemoServer( 5294): GET /lists/inbox/todos -> 200
I/UndraDemoServer( 5294): GET /lists/inbox/todos -> 200
the server received the replayed request with the original Idempotency-Key

$ process and log health
alive
crash markers: 0

$ files the app keeps (run-as)
total 8
-rw------- 1 u0_a208 u0_a208 158 2026-10-01 12:09 7de49eda0951005e898663f3af23aa06036787a1b3dc1f22c2ab0ecd66251374

SMOKE PASSED
