# playground iOS smoke run, 2026-09-30 12:28:48

$ xcodebuild -version
Xcode 26.6
Build version 17F113

$ swift --version
swift-driver version: 1.148.6 Apple Swift version 6.3.3 (swiftlang-6.3.3.1.3 clang-2100.1.1.101)
Target: arm64-apple-macosx26.0

$ /Users/shrey/Desktop/src/.work/playground/target/debug/keel build -C /Users/shrey/Desktop/src/.work/playground/examples/playground --platform ios
==> Building the core for ios (debug)
    ANDROID_HOME is not set; using the SDK found at /opt/homebrew/share/android-commandlinetools
    ANDROID_NDK_HOME is not set; using the NDK found at /opt/homebrew/share/android-commandlinetools/ndk/27.2.12479018
    rust target aarch64-apple-ios
    Finished `dev` profile [unoptimized + debuginfo] target(s) in 0.01s
    rust target aarch64-apple-ios-sim
    Finished `dev` profile [unoptimized + debuginfo] target(s) in 0.01s
==> Creating KeelCore.xcframework

Built:
artifact         size                                                                                                                                                                   where
ios xcframework  157.1 MB (device 78.6 MB in the archive, simulator 78.5 MB in the archive)  [budget 900 KB arm64 added to an app (LTO, stripped); a static archive is an upper bound]  build/ios/KeelCore.xcframework

$ xcodebuild -project PlaygroundApp.xcodeproj -scheme PlaygroundApp -destination 'platform=iOS Simulator,name=iPhone 17 Pro' build
built /Users/shrey/Desktop/src/.work/playground/examples/playground/ios/DerivedData/Build/Products/Debug-iphonesimulator/PlaygroundApp.app
app bundle (debug):  16M	/Users/shrey/Desktop/src/.work/playground/examples/playground/ios/DerivedData/Build/Products/Debug-iphonesimulator/PlaygroundApp.app
  58272 bytes  /Users/shrey/Desktop/src/.work/playground/examples/playground/ios/DerivedData/Build/Products/Debug-iphonesimulator/PlaygroundApp.app/PlaygroundApp
  16760560 bytes  /Users/shrey/Desktop/src/.work/playground/examples/playground/ios/DerivedData/Build/Products/Debug-iphonesimulator/PlaygroundApp.app/PlaygroundApp.debug.dylib
simulator iPhone 17 Pro = D1AA8B3A-BBF9-4C28-83A0-ACBC3C38FC5C

$ xcrun simctl bootstatus D1AA8B3A-BBF9-4C28-83A0-ACBC3C38FC5C -b
Monitoring boot status for iPhone 17 Pro (D1AA8B3A-BBF9-4C28-83A0-ACBC3C38FC5C).
[2026-09-30 19:28:52 +0000] Status=2, isTerminal=NO, Elapsed=00:00.
	Waiting on Data Migration
		Reason:(null)
		Migration Elapsed:00:00 seconds

[2026-09-30 19:28:52 +0000] Status=4, isTerminal=NO, Elapsed=00:01.
	Waiting on System App

[2026-09-30 19:28:53 +0000] Status=4, isTerminal=NO, Elapsed=00:02.
	Waiting on System App

[2026-09-30 19:28:54 +0000] Status=4294967295, isTerminal=YES, Elapsed=00:03.
	Finished


$ xcrun simctl terminate D1AA8B3A-BBF9-4C28-83A0-ACBC3C38FC5C dev.keel.playground
An error was encountered processing the command (domain=NSPOSIXErrorDomain, code=3):
Simulator device failed to terminate dev.keel.playground.
found nothing to terminate
Underlying error (domain=NSPOSIXErrorDomain, code=3):
	The request to terminate "dev.keel.playground" failed. found nothing to terminate
	found nothing to terminate

$ xcrun simctl uninstall D1AA8B3A-BBF9-4C28-83A0-ACBC3C38FC5C dev.keel.playground

$ xcrun simctl install D1AA8B3A-BBF9-4C28-83A0-ACBC3C38FC5C /Users/shrey/Desktop/src/.work/playground/examples/playground/ios/DerivedData/Build/Products/Debug-iphonesimulator/PlaygroundApp.app

$ xcrun simctl launch D1AA8B3A-BBF9-4C28-83A0-ACBC3C38FC5C dev.keel.playground -tab todos
dev.keel.playground: 29543

$ xcrun simctl io D1AA8B3A-BBF9-4C28-83A0-ACBC3C38FC5C screenshot /Users/shrey/Desktop/src/.work/playground/examples/playground/.proof/ios-todos.png
Detected file type from extension: PNG
Note: No display specified. Defaulting to display: 43D0AD8F-8A6F-4134-8B40-341C3594598A (screenID: 1, name: LCD)
Wrote screenshot to: /Users/shrey/Desktop/src/.work/playground/examples/playground/.proof/ios-todos.png

$ xcrun simctl spawn D1AA8B3A-BBF9-4C28-83A0-ACBC3C38FC5C launchctl list | grep dev.keel.playground
29543	0	UIKitApplication:dev.keel.playground[c18f][rb-legacy]
alive: todos

$ xcrun simctl launch D1AA8B3A-BBF9-4C28-83A0-ACBC3C38FC5C dev.keel.playground -tab counter
dev.keel.playground: 29600

$ xcrun simctl io D1AA8B3A-BBF9-4C28-83A0-ACBC3C38FC5C screenshot /Users/shrey/Desktop/src/.work/playground/examples/playground/.proof/ios-counter.png
Detected file type from extension: PNG
Note: No display specified. Defaulting to display: 43D0AD8F-8A6F-4134-8B40-341C3594598A (screenID: 1, name: LCD)
Wrote screenshot to: /Users/shrey/Desktop/src/.work/playground/examples/playground/.proof/ios-counter.png

$ xcrun simctl spawn D1AA8B3A-BBF9-4C28-83A0-ACBC3C38FC5C launchctl list | grep dev.keel.playground
29600	0	UIKitApplication:dev.keel.playground[9397][rb-legacy]
alive: counter

$ xcrun simctl launch D1AA8B3A-BBF9-4C28-83A0-ACBC3C38FC5C dev.keel.playground -tab biglist
dev.keel.playground: 29663

$ xcrun simctl io D1AA8B3A-BBF9-4C28-83A0-ACBC3C38FC5C screenshot /Users/shrey/Desktop/src/.work/playground/examples/playground/.proof/ios-biglist.png
Detected file type from extension: PNG
Note: No display specified. Defaulting to display: 43D0AD8F-8A6F-4134-8B40-341C3594598A (screenID: 1, name: LCD)
Wrote screenshot to: /Users/shrey/Desktop/src/.work/playground/examples/playground/.proof/ios-biglist.png

$ xcrun simctl spawn D1AA8B3A-BBF9-4C28-83A0-ACBC3C38FC5C launchctl list | grep dev.keel.playground
29663	0	UIKitApplication:dev.keel.playground[b593][rb-legacy]
alive: biglist

$ xcrun simctl launch D1AA8B3A-BBF9-4C28-83A0-ACBC3C38FC5C dev.keel.playground -tab remote
dev.keel.playground: 29693

$ xcrun simctl io D1AA8B3A-BBF9-4C28-83A0-ACBC3C38FC5C screenshot /Users/shrey/Desktop/src/.work/playground/examples/playground/.proof/ios-remote.png
Detected file type from extension: PNG
Note: No display specified. Defaulting to display: 43D0AD8F-8A6F-4134-8B40-341C3594598A (screenID: 1, name: LCD)
Wrote screenshot to: /Users/shrey/Desktop/src/.work/playground/examples/playground/.proof/ios-remote.png

$ xcrun simctl spawn D1AA8B3A-BBF9-4C28-83A0-ACBC3C38FC5C launchctl list | grep dev.keel.playground
29693	0	UIKitApplication:dev.keel.playground[1869][rb-legacy]
alive: remote

$ xcrun simctl spawn D1AA8B3A-BBF9-4C28-83A0-ACBC3C38FC5C log show --last 5m --predicate 'process == "PlaygroundApp" AND (messageType == fault OR (messageType == error AND subsystem BEGINSWITH "dev.keel"))'
no fault lines and no Keel error lines in the app's log

$ crash reports for PlaygroundApp since this run started
none
438800  /Users/shrey/Desktop/src/.work/playground/examples/playground/.proof/ios-biglist-streaming.png
509054  /Users/shrey/Desktop/src/.work/playground/examples/playground/.proof/ios-biglist.png
116759  /Users/shrey/Desktop/src/.work/playground/examples/playground/.proof/ios-counter-tour.png
138210  /Users/shrey/Desktop/src/.work/playground/examples/playground/.proof/ios-counter.png
183652  /Users/shrey/Desktop/src/.work/playground/examples/playground/.proof/ios-remote-offline.png
191545  /Users/shrey/Desktop/src/.work/playground/examples/playground/.proof/ios-remote.png
244530  /Users/shrey/Desktop/src/.work/playground/examples/playground/.proof/ios-todos-tour.png
162397  /Users/shrey/Desktop/src/.work/playground/examples/playground/.proof/ios-todos.png

$ xcodebuild test -project PlaygroundApp.xcodeproj -scheme PlaygroundApp -destination 'platform=iOS Simulator,name=iPhone 17 Pro' -parallel-testing-enabled NO
Test Suite 'All tests' started at 2026-09-30 12:29:21.235.
Test Suite 'PlaygroundAppUITests.xctest' started at 2026-09-30 12:29:21.235.
Test Suite 'PlaygroundTourTests' started at 2026-09-30 12:29:21.235.
Test Suite 'PlaygroundTourTests' passed at 2026-09-30 12:30:56.605.
	 Executed 5 tests, with 0 failures (0 unexpected) in 95.366 (95.370) seconds
Test Suite 'PlaygroundAppUITests.xctest' passed at 2026-09-30 12:30:56.606.
	 Executed 5 tests, with 0 failures (0 unexpected) in 95.366 (95.371) seconds
Test Suite 'All tests' passed at 2026-09-30 12:30:56.606.
	 Executed 5 tests, with 0 failures (0 unexpected) in 95.366 (95.371) seconds
** TEST SUCCEEDED **

$ xcrun simctl shutdown D1AA8B3A-BBF9-4C28-83A0-ACBC3C38FC5C
ios smoke: PASS
